A51 MACRO ASSEMBLER  STARTUP                                                              01/12/2023 07:49:48 PAGE     1


MACRO ASSEMBLER A51 V8.2.7.0
OBJECT MODULE PLACED IN .\Objects\STARTUP.obj
ASSEMBLER INVOKED BY: C:\Keil_v5\C51\BIN\A51.EXE STARTUP.A51 SET(SMALL) DEBUG PRINT(.\Listings\STARTUP.lst) OBJECT(.\Obj
                      ects\STARTUP.obj) EP

LOC  OBJ            LINE     SOURCE

----                   1                     CSEG AT 0x0000                  
                       2                                     
0000                   3     INIT:   
0000 79A0              4                     MOV R1, #0xA0
0002 7700              5                     MOV @R1, #0
0004 79A1              6                     MOV R1, #0xA1
0006 7700              7                     MOV @R1, #0
0008 79B0              8                     MOV R1, #0xB0
000A 7700              9                     MOV @R1, #0
000C 79B1             10                     MOV R1, #0xB1
000E 7700             11                     MOV @R1, #0
0010 75A03F           12                     MOV P2, #0x3f
0013 7A00             13                     MOV R2, #0
0015 7CA0             14                     MOV R4, #0xA0
0017 7E00             15                     MOV R6, #0
0019 C2D5             16                     CLR F0
001B 7D00             17                     MOV R5, #0
001D                  18     BEGIN:  
001D 7400             19                     MOV A, #0 ;row
001F 7B00             20                     MOV R3, #0 ; i
                      21     
                      22     
0021 EB               23     SCAN:   MOV A, R3
0022 9001AF           24                     MOV DPTR, #ScanCode
0025 93               25                     MOVC A, @A+DPTR
0026 F580             26                     MOV P0, A
0028 3198             27                     ACALL WAIT      
002A 3198             28                     ACALL WAIT      
002C E580             29                     MOV A,P0 ;when press A has a different resalt
002E 54F0             30                     ANL A,#0xf0
                      31                     
0030 B4E004           32                     CJNE A, #0xe0, T
0033 7800             33                     MOV R0, #0
0035 801A             34                     SJMP COUNT
                      35                     
0037 B4D004           36     T:      CJNE A, #0xd0, T2
003A 7801             37                     MOV R0, #1
003C 8013             38                     SJMP COUNT
                      39                     
003E B4B004           40     T2:     CJNE A, #0xb0, T3
0041 7802             41                     MOV R0, #2
0043 800C             42                     SJMP COUNT
                      43                     
0045 B47004           44     T3:     CJNE A, #0x70, T4
0048 7803             45                     MOV R0, #3
004A 8005             46                     SJMP COUNT
                      47                     
004C 314C             48     T4:     ACALL Display
004E 0200C1           49                     LJMP Default
                      50                     
                      51     
0051                  52     COUNT:          
0051 E8               53                     MOV A, R0 ; put key=1,2,3,4 to A
0052 23               54                     RL A      ; key*2
0053 23               55                     RL A      ; key*4
0054 2B               56                     ADD A, R3 ; key*4 + i ;A can select which number 
                      57                     
A51 MACRO ASSEMBLER  STARTUP                                                              01/12/2023 07:49:48 PAGE     2

0055 B40A70           58                     CJNE A, #10, Sub
0058 7E01             59                     MOV R6, #1
005A 7D01             60                     MOV R5, #1
005C 8002             61                     SJMP Addi
005E 80C1             62     SCAN1:  SJMP SCAN               
0060                  63     Addi:   
0060 79B1             64                     MOV R1, #0xB1
0062 E7               65                     MOV A, @R1
0063 F5F0             66                     MOV B, A
0065 7F00             67                     MOV R7, #0
0067 79A1             68                     MOV R1, #0xA1
0069 E7               69                     MOV A, @R1
006A 25F0             70                     ADD A, B
                      71                     
006C 75F00A           72                     MOV B, #10
006F 84               73                     DIV AB
0070 A7F0             74                     MOV @R1, B
0072 FF               75                     MOV R7, A
                      76                     
0073 79B0             77                     MOV R1, #0xB0
0075 E7               78                     MOV A, @R1
0076 F5F0             79                     MOV B, A
0078 79A0             80                     MOV R1, #0xA0
007A E7               81                     MOV A, @R1
007B 25F0             82                     ADD A, B
007D 2F               83                     ADD A, R7
007E 75F00A           84                     MOV B, #10
0081 84               85                     DIV AB
0082 A7F0             86                     MOV @R1, B
0084 7031             87                     JNZ Overflow            
0086                  88     Next1:  
0086 7CA0             89                     MOV R4, #0xA0
0088 314C             90                     ACALL Display
008A 74B0             91                     MOV A, #0xB0 ;clear b
008C F9               92                     MOV R1, A
008D 7700             93                     MOV @R1, #0
008F 09               94                     INC R1
0090 7700             95                     MOV @R1, #0
                      96                     
0092 802D             97                     SJMP Default
0094                  98     Addi2:  
0094 74B0             99                     MOV A, #0xB0
0096 11EF            100                     ACALL SubCommon
0098 FF              101                     MOV R7, A
                     102                     
0099 74A0            103                     MOV A, #0xA0
009B 11EF            104                     ACALL SubCommon
009D 80E7            105                     SJMP Next1
                     106                     
009F 9F              107                     SUBB A, R7
00A0 4004            108                     JC Addi3
00A2 11AC            109                     ACALL CCLemon
00A4 80E0            110                     SJMP Next1
00A6                 111     Addi3:  
00A6 C2D5            112                     CLR F0
00A8 11AC            113                     ACALL CCLemon
00AA 80DA            114                     SJMP Next1
00AC                 115     CCLemon:        
00AC 75F00A          116                     MOV B, #10
00AF 84              117                     DIV AB
00B0 79A0            118                     MOV R1, #0xA0
00B2 F7              119                     MOV @R1, A
00B3 09              120                     INC R1
00B4 A7F0            121                     MOV @R1, B
00B6 22              122                     RET
                     123                     
A51 MACRO ASSEMBLER  STARTUP                                                              01/12/2023 07:49:48 PAGE     3

00B7                 124     Overflow:       
00B7 74A0            125                     MOV A, #0xA0
00B9 F9              126                     MOV R1, A
00BA 7709            127                     MOV @R1, #9
00BC 09              128                     INC R1
00BD 7709            129                     MOV @R1, #9
00BF 80C5            130                     SJMP Next1
                     131                     
00C1                 132     Default: 
00C1 0B              133                     INC R3
00C2 BB0499          134                     CJNE R3,#4,SCAN1
00C5 02001D          135                     LJMP BEGIN
                     136     
00C8 B40B31          137     Sub:    CJNE A, #11, Equal              
00CB 7D01            138                     MOV R5, #1
00CD 7E02            139                     MOV R6, #2
00CF 74B0            140     Sub1:   MOV A, #0xB0
00D1 11EF            141                     ACALL SubCommon
00D3 FF              142                     MOV R7, A
                     143                     
00D4 74A0            144                     MOV A, #0xA0
00D6 11EF            145                     ACALL SubCommon
00D8 C3              146                     CLR C
00D9 9F              147                     SUBB A, R7
00DA 400C            148                     JC Sub2
00DC 75F00A          149     Sub3:   MOV B, #10
00DF 84              150                     DIV AB
00E0 79A0            151                     MOV R1, #0xA0
00E2 F7              152                     MOV @R1, A
00E3 09              153                     INC R1
00E4 A7F0            154                     MOV @R1, B
00E6 809E            155                     SJMP Next1
00E8                 156     Sub2:   
00E8 D2D5            157                     SETB F0
00EA F4              158                     CPL A
00EB 2401            159                     ADD A, #1
00ED 80ED            160                     SJMP Sub3
                     161                     
00EF                 162     SubCommon:              
00EF F9              163                     MOV R1,A
00F0 E7              164                     MOV A, @R1
00F1 75F00A          165                     MOV B, #10
00F4 A4              166                     MUL AB
00F5 F5F0            167                     MOV B, A
00F7 09              168                     INC R1
00F8 E7              169                     MOV A, @R1
00F9 25F0            170                     ADD A, B
00FB 22              171                     RET
                     172                     
00FC B40C10          173     Equal:  CJNE A, #12, CLEAR      
00FF BE0105          174                     CJNE R6, #1, Equal1
0102 7D00            175                     MOV R5, #0
0104 020060          176                     LJMP Addi 
0107 BE020B          177     Equal1: CJNE R6, #2, CC
010A 7D00            178                     MOV R5, #0
010C 0200CF          179                     LJMP Sub1  
                     180                     
010F B40D03          181     CLEAR:  CJNE A, #13, CC 
0112 020000          182                     LJMP INIT
                     183                             
0115 F5F0            184     CC:             MOV B, A ; B = A                
0117 BD0006          185                     CJNE R5, #0, CC2
                     186                     
011A 3137            187                     ACALL StoreNum
011C 314C            188                     ACALL Display   
011E 80A1            189                     SJMP Default
A51 MACRO ASSEMBLER  STARTUP                                                              01/12/2023 07:49:48 PAGE     4

                     190                     
0120                 191     CC2:    
0120 20D508          192                     JB F0, CC3
0123 7CB0            193                     MOV R4, #0xB0
0125 3137            194                     ACALL StoreNum
0127 314C            195                     ACALL Display   
0129 8096            196                     SJMP Default
                     197                     
012B                 198     CC3:    
012B 7CB0            199                     MOV R4, #0xB0
012D 3137            200                     ACALL StoreNum
012F C2D5            201                     CLR F0
0131 314C            202                     ACALL Display   
0133 D2D5            203                     SETB F0
0135 808A            204                     SJMP Default
                     205                     
0137                 206     StoreNum: 
0137 7801            207                     MOV R0, #1 
0139 EC              208                     MOV A, R4
013A F9              209                     MOV R1, A
                     210                     
013B E8              211     SN1:    MOV A, R0
013C 2C              212                     ADD A, R4
013D F9              213                     MOV R1, A
                     214                     
013E E7              215                     MOV A, @R1
013F 19              216                     DEC R1
0140 F7              217                     MOV @R1, A
0141 08              218                     INC R0
                     219                     
0142 B802F6          220                     CJNE R0, #2, SN1 ; this number should modify !!!!!!!!!!! n
0145 18              221                     DEC R0
0146 EC              222                     MOV A, R4
0147 28              223                     ADD A, R0
0148 F9              224                     MOV R1, A
0149 A7F0            225                     MOV @R1, B      
                     226     
014B 22              227                     RET
                     228     
                     229     ;below is fuxking no problem
014C                 230     Display:
014C 20D521          231                     JB F0, Display2
014F 7400            232     E4:             MOV A, #0
0151 FA              233                     MOV R2, A
0152 7806            234                     MOV R0, #6 ; this number should modify !!!!!!!!!!! 8-n
0154 75F000          235                     MOV B, #0
0157                 236     E1:             
0157 EC              237                     MOV A, R4 ;r4 is address
0158 F9              238                     MOV R1, A
0159 E5F0            239                     MOV A, B                
015B 29              240                     ADD A, R1
015C F9              241                     MOV R1, A
015D E7              242                     MOV A, @R1
015E 600B            243                     JZ E3
                     244                     
0160 317C            245     E5:             ACALL ShowNum
                     246                     
0162 05F0            247     E2:             INC B
0164 08              248                     INC R0
0165 E5F0            249                     MOV A, B
0167 B402ED          250                     CJNE A, #2, E1 ; this number should modify !!!!!!!!!!! n
016A 22              251                     RET
                     252                     
016B BA00F2          253     E3:             CJNE R2, #0, E5
016E 80F2            254                     SJMP E2
                     255                     
A51 MACRO ASSEMBLER  STARTUP                                                              01/12/2023 07:49:48 PAGE     5

0170                 256     Display2:               
0170 9001A5          257                     MOV DPTR,#TABLE
0173 759005          258                     MOV P1,#5 ; this number should modify !!!!!!!!!!! 7-n
0176 7440            259                     MOV A, #0x40
0178 3183            260                     ACALL L0
017A 80D3            261                     SJMP E4
                     262                     
                     263     
017C                 264     ShowNum:
017C 9001A5          265             MOV DPTR,#TABLE
017F 8890            266                     MOV P1,R0 ; which led will be light
0181 0A              267                     INC R2
0182 93              268                     MOVC A,@A+DPTR
                     269                     
0183                 270     L0:             
0183 F5A0            271                     MOV P2,A
0185 318B            272                     ACALL DELAY
0187 318B            273                     ACALL DELAY
0189 00              274                     NOP
018A 22              275                     RET
                     276                     
018B 7FFF            277     DELAY:  MOV R7,#0Xff            
018D DFFE            278     LOOP1:  DJNZ R7,LOOP1
018F 7FFF            279                     MOV R7,#0Xff            
0191 DFFE            280     LOOP2:  DJNZ R7,LOOP2
0193 7FFF            281                     MOV R7,#0Xff            
0195 DFFE            282     LOOP3:  DJNZ R7,LOOP3
0197 22              283                     RET
                     284                             
                     285                             
0198 318B            286     WAIT:   ACALL DELAY
019A 318B            287                     ACALL DELAY
019C 318B            288                     ACALL DELAY
019E 318B            289                     ACALL DELAY     
01A0 318B            290                     ACALL DELAY     
01A2 318B            291                     ACALL DELAY     
01A4 22              292                     RET
                     293     
01A5                 294     TABLE:  
01A5 3F              295                     DB 3fh ;0
01A6 06              296                 DB 06h ;1
01A7 5B              297                 DB 5bh ;2
01A8 4F              298                 DB 4fh ;3
01A9 66              299                 DB 66h ;4
01AA 6D              300                 DB 6dh ;5
01AB 7D              301             DB 7dh ;6
01AC 07              302                 DB 07h ;7
01AD 7F              303                     DB 7fh ;8
01AE 6F              304                     DB 6fh ;9
                     305                             
01AF                 306     ScanCode:
01AF FE              307                     DB 11111110B ;0xfe
01B0 FD              308                     DB 11111101B ;0xfd
01B1 FB              309                     DB 11111011B ;0xfb
01B2 F7              310                     DB 11110111B ;0xf7
                     311                             
                     312                     END     
                                                     
A51 MACRO ASSEMBLER  STARTUP                                                              01/12/2023 07:49:48 PAGE     6

SYMBOL TABLE LISTING
------ ----- -------


N A M E             T Y P E  V A L U E   ATTRIBUTES

ADDI . . . . . . .  C ADDR   0060H   A   
ADDI2. . . . . . .  C ADDR   0094H   A   
ADDI3. . . . . . .  C ADDR   00A6H   A   
B. . . . . . . . .  D ADDR   00F0H   A   
BEGIN. . . . . . .  C ADDR   001DH   A   
CC . . . . . . . .  C ADDR   0115H   A   
CC2. . . . . . . .  C ADDR   0120H   A   
CC3. . . . . . . .  C ADDR   012BH   A   
CCLEMON. . . . . .  C ADDR   00ACH   A   
CLEAR. . . . . . .  C ADDR   010FH   A   
COUNT. . . . . . .  C ADDR   0051H   A   
DEFAULT. . . . . .  C ADDR   00C1H   A   
DELAY. . . . . . .  C ADDR   018BH   A   
DISPLAY. . . . . .  C ADDR   014CH   A   
DISPLAY2 . . . . .  C ADDR   0170H   A   
E1 . . . . . . . .  C ADDR   0157H   A   
E2 . . . . . . . .  C ADDR   0162H   A   
E3 . . . . . . . .  C ADDR   016BH   A   
E4 . . . . . . . .  C ADDR   014FH   A   
E5 . . . . . . . .  C ADDR   0160H   A   
EQUAL. . . . . . .  C ADDR   00FCH   A   
EQUAL1 . . . . . .  C ADDR   0107H   A   
F0 . . . . . . . .  B ADDR   00D0H.5 A   
INIT . . . . . . .  C ADDR   0000H   A   
L0 . . . . . . . .  C ADDR   0183H   A   
LOOP1. . . . . . .  C ADDR   018DH   A   
LOOP2. . . . . . .  C ADDR   0191H   A   
LOOP3. . . . . . .  C ADDR   0195H   A   
NEXT1. . . . . . .  C ADDR   0086H   A   
OVERFLOW . . . . .  C ADDR   00B7H   A   
P0 . . . . . . . .  D ADDR   0080H   A   
P1 . . . . . . . .  D ADDR   0090H   A   
P2 . . . . . . . .  D ADDR   00A0H   A   
SCAN . . . . . . .  C ADDR   0021H   A   
SCAN1. . . . . . .  C ADDR   005EH   A   
SCANCODE . . . . .  C ADDR   01AFH   A   
SHOWNUM. . . . . .  C ADDR   017CH   A   
SN1. . . . . . . .  C ADDR   013BH   A   
STORENUM . . . . .  C ADDR   0137H   A   
SUB. . . . . . . .  C ADDR   00C8H   A   
SUB1 . . . . . . .  C ADDR   00CFH   A   
SUB2 . . . . . . .  C ADDR   00E8H   A   
SUB3 . . . . . . .  C ADDR   00DCH   A   
SUBCOMMON. . . . .  C ADDR   00EFH   A   
T. . . . . . . . .  C ADDR   0037H   A   
T2 . . . . . . . .  C ADDR   003EH   A   
T3 . . . . . . . .  C ADDR   0045H   A   
T4 . . . . . . . .  C ADDR   004CH   A   
TABLE. . . . . . .  C ADDR   01A5H   A   
WAIT . . . . . . .  C ADDR   0198H   A   


REGISTER BANK(S) USED: 0 


ASSEMBLY COMPLETE.  0 WARNING(S), 0 ERROR(S)
