A51 MACRO ASSEMBLER  STARTUP                                                              01/11/2023 22:55:33 PAGE     1


MACRO ASSEMBLER A51 V8.2.7.0
OBJECT MODULE PLACED IN .\Objects\STARTUP.obj
ASSEMBLER INVOKED BY: C:\Keil_v5\C51\BIN\A51.EXE STARTUP.A51 SET(SMALL) DEBUG PRINT(.\Listings\STARTUP.lst) OBJECT(.\Obj
                      ects\STARTUP.obj) EP

LOC  OBJ            LINE     SOURCE

----                   1                     CSEG AT 0x0000                  
                       2                             
                       3             
0000                   4     INIT:   
0000 7E00              5                     MOV R6, #0; for remember add(1) or sub(2) or equal(3)
0002 7A00              6                     MOV R2, #0
                       7                     
0004                   8     BEGIN:  
0004 7400              9                     MOV A, #0 ;row
0006 7B00             10                     MOV R3, #0 ; i
                      11                     
0008 74A0             12                     MOV A, #0xA0
000A F9               13                     MOV R1, A
000B 7403             14                     MOV A, #0x3
000D F7               15                     MOV @R1, A
000E 09               16                     INC R1
000F 7400             17                     MOV A, #0x0
0011 F7               18                     MOV @R1, A
0012 09               19                     INC R1
0013 7405             20                     MOV A, #0x5
0015 F7               21                     MOV @R1, A
0016 09               22                     INC R1
0017 7406             23                     MOV A, #0x6
0019 F7               24                     MOV @R1, A
001A 111E             25                     ACALL Display
001C 80E6             26                     SJMP BEGIN
                      27                     
001E                  28     Display:
001E 7400             29                     MOV A, #0
0020 FA               30                     MOV R2, A
0021 7406             31                     MOV A, #6 ; this number should modify !!!!!!!!!!! 8-n
0023 F8               32                     MOV R0, A ;move # to the left
0024 75F000           33                     MOV B, #0
0027 74A0             34                     MOV A, #0xA0
0029 FC               35                     MOV R4, A
002A                  36     E1:             
002A EC               37                     MOV A, R4 ;r4 is address
002B F9               38                     MOV R1, A
002C E5F0             39                     MOV A, B                
002E 29               40                     ADD A, R1
002F F9               41                     MOV R1, A
0030 E7               42                     MOV A, @R1
0031 600B             43                     JZ E3
                      44                     
0033 1143             45     E5:             ACALL ShowNum
                      46                     
0035 05F0             47     E2:             INC B
0037 08               48                     INC R0
0038 E5F0             49                     MOV A, B
003A B402ED           50                     CJNE A, #2, E1 ; this number should modify !!!!!!!!!!! n
003D 22               51                     RET
                      52                     
003E BA00F2           53     E3:             CJNE R2, #0, E5
0041 80F2             54                     SJMP E2
                      55                     
                      56     
                      57     
A51 MACRO ASSEMBLER  STARTUP                                                              01/11/2023 22:55:33 PAGE     2

                      58     
0043                  59     ShowNum:
0043 900054           60             MOV DPTR,#TABLE
0046 8890             61                     MOV P1,R0 ; which led will be light
0048 0A               62                     INC R2
0049 93               63                     MOVC A,@A+DPTR
                      64                     
004A                  65     L0:             
004A F5A0             66                     MOV P2,A
004C 114F             67                     ACALL DELAY
004E 22               68                     RET
                      69                     
004F 7FFF             70     DELAY:  MOV R7,#0XFF            
0051 DFFE             71     LOOP1:  DJNZ R7,LOOP1
0053 22               72                     RET
                      73                             
0054                  74     TABLE:  
0054 3F               75                     DB 3fh ;0
0055 06               76                 DB 06h ;1
0056 5B               77                 DB 5bh ;2
0057 4F               78                 DB 4fh ;3
0058 66               79                 DB 66h ;4
0059 6D               80                 DB 6dh ;5
005A 7D               81             DB 7dh ;6
005B 07               82                 DB 07h ;7
005C 7F               83                     DB 7fh ;8
005D 6F               84                     DB 6fh ;9
                      85                             
                      86                     END     
                                                     
A51 MACRO ASSEMBLER  STARTUP                                                              01/11/2023 22:55:33 PAGE     3

SYMBOL TABLE LISTING
------ ----- -------


N A M E             T Y P E  V A L U E   ATTRIBUTES

B. . . . . . . . .  D ADDR   00F0H   A   
BEGIN. . . . . . .  C ADDR   0004H   A   
DELAY. . . . . . .  C ADDR   004FH   A   
DISPLAY. . . . . .  C ADDR   001EH   A   
E1 . . . . . . . .  C ADDR   002AH   A   
E2 . . . . . . . .  C ADDR   0035H   A   
E3 . . . . . . . .  C ADDR   003EH   A   
E5 . . . . . . . .  C ADDR   0033H   A   
INIT . . . . . . .  C ADDR   0000H   A   
L0 . . . . . . . .  C ADDR   004AH   A   
LOOP1. . . . . . .  C ADDR   0051H   A   
P1 . . . . . . . .  D ADDR   0090H   A   
P2 . . . . . . . .  D ADDR   00A0H   A   
SHOWNUM. . . . . .  C ADDR   0043H   A   
TABLE. . . . . . .  C ADDR   0054H   A   


REGISTER BANK(S) USED: 0 


ASSEMBLY COMPLETE.  0 WARNING(S), 0 ERROR(S)
