BL51 BANKED LINKER/LOCATER V6.22.4.0                                                    01/11/2023  22:55:33  PAGE 1


BL51 BANKED LINKER/LOCATER V6.22.4.0, INVOKED BY:
C:\KEIL_V5\C51\BIN\BL51.EXE .\Objects\STARTUP.obj TO .\Objects\test PRINT (.\Listings\test.m51) RAMSIZE (256)


INPUT MODULES INCLUDED:
  .\Objects\STARTUP.obj (STARTUP)


LINK MAP OF MODULE:  .\Objects\test (STARTUP)


            TYPE    BASE      LENGTH    RELOCATION   SEGMENT NAME
            -----------------------------------------------------

            * * * * * * *   D A T A   M E M O R Y   * * * * * * *
            REG     0000H     0008H     ABSOLUTE     "REG BANK 0"

            * * * * * * *   C O D E   M E M O R Y   * * * * * * *
            CODE    0000H     005EH     ABSOLUTE     



SYMBOL TABLE OF MODULE:  .\Objects\test (STARTUP)

  VALUE           TYPE          NAME
  ----------------------------------

  -------         MODULE        STARTUP
  D:00F0H         SYMBOL        B
  C:0004H         SYMBOL        BEGIN
  C:004FH         SYMBOL        DELAY
  C:001EH         SYMBOL        DISPLAY
  C:002AH         SYMBOL        E1
  C:0035H         SYMBOL        E2
  C:003EH         SYMBOL        E3
  C:0033H         SYMBOL        E5
  C:0000H         SYMBOL        INIT
  C:004AH         SYMBOL        L0
  C:0051H         SYMBOL        LOOP1
  D:0090H         SYMBOL        P1
  D:00A0H         SYMBOL        P2
  C:0043H         SYMBOL        SHOWNUM
  C:0054H         SYMBOL        TABLE
  C:0000H         LINE#         5
  C:0002H         LINE#         6
  C:0004H         LINE#         9
  C:0006H         LINE#         10
  C:0008H         LINE#         12
  C:000AH         LINE#         13
  C:000BH         LINE#         14
  C:000DH         LINE#         15
  C:000EH         LINE#         16
  C:000FH         LINE#         17
  C:0011H         LINE#         18
  C:0012H         LINE#         19
  C:0013H         LINE#         20
  C:0015H         LINE#         21
  C:0016H         LINE#         22
BL51 BANKED LINKER/LOCATER V6.22.4.0                                                  01/11/2023  22:55:33  PAGE 2


  C:0017H         LINE#         23
  C:0019H         LINE#         24
  C:001AH         LINE#         25
  C:001CH         LINE#         26
  C:001EH         LINE#         29
  C:0020H         LINE#         30
  C:0021H         LINE#         31
  C:0023H         LINE#         32
  C:0024H         LINE#         33
  C:0027H         LINE#         34
  C:0029H         LINE#         35
  C:002AH         LINE#         37
  C:002BH         LINE#         38
  C:002CH         LINE#         39
  C:002EH         LINE#         40
  C:002FH         LINE#         41
  C:0030H         LINE#         42
  C:0031H         LINE#         43
  C:0033H         LINE#         45
  C:0035H         LINE#         47
  C:0037H         LINE#         48
  C:0038H         LINE#         49
  C:003AH         LINE#         50
  C:003DH         LINE#         51
  C:003EH         LINE#         53
  C:0041H         LINE#         54
  C:0043H         LINE#         60
  C:0046H         LINE#         61
  C:0048H         LINE#         62
  C:0049H         LINE#         63
  C:004AH         LINE#         66
  C:004CH         LINE#         67
  C:004EH         LINE#         68
  C:004FH         LINE#         70
  C:0051H         LINE#         71
  C:0053H         LINE#         72
  -------         ENDMOD        STARTUP

******************************************************************************
* RESTRICTED VERSION WITH 0800H BYTE CODE SIZE LIMIT; USED: 005EH BYTE ( 4%) *
******************************************************************************

Program Size: data=8.0 xdata=0 code=94
LINK/LOCATE RUN COMPLETE.  0 WARNING(S),  0 ERROR(S)
