BL51 BANKED LINKER/LOCATER V6.22.4.0                                                    01/12/2023  07:49:48  PAGE 1


BL51 BANKED LINKER/LOCATER V6.22.4.0, INVOKED BY:
C:\KEIL_V5\C51\BIN\BL51.EXE .\Objects\STARTUP.obj TO .\Objects\test PRINT (.\Listings\test.m51) RAMSIZE (256)


INPUT MODULES INCLUDED:
  .\Objects\STARTUP.obj (STARTUP)


LINK MAP OF MODULE:  .\Objects\test (STARTUP)


            TYPE    BASE      LENGTH    RELOCATION   SEGMENT NAME
            -----------------------------------------------------

            * * * * * * *   D A T A   M E M O R Y   * * * * * * *
            REG     0000H     0008H     ABSOLUTE     "REG BANK 0"

            * * * * * * *   C O D E   M E M O R Y   * * * * * * *
            CODE    0000H     01B3H     ABSOLUTE     



SYMBOL TABLE OF MODULE:  .\Objects\test (STARTUP)

  VALUE           TYPE          NAME
  ----------------------------------

  -------         MODULE        STARTUP
  C:0060H         SYMBOL        ADDI
  C:0094H         SYMBOL        ADDI2
  C:00A6H         SYMBOL        ADDI3
  D:00F0H         SYMBOL        B
  C:001DH         SYMBOL        BEGIN
  C:0115H         SYMBOL        CC
  C:0120H         SYMBOL        CC2
  C:012BH         SYMBOL        CC3
  C:00ACH         SYMBOL        CCLEMON
  C:010FH         SYMBOL        CLEAR
  C:0051H         SYMBOL        COUNT
  C:00C1H         SYMBOL        DEFAULT
  C:018BH         SYMBOL        DELAY
  C:014CH         SYMBOL        DISPLAY
  C:0170H         SYMBOL        DISPLAY2
  C:0157H         SYMBOL        E1
  C:0162H         SYMBOL        E2
  C:016BH         SYMBOL        E3
  C:014FH         SYMBOL        E4
  C:0160H         SYMBOL        E5
  C:00FCH         SYMBOL        EQUAL
  C:0107H         SYMBOL        EQUAL1
  B:00D0H.5       SYMBOL        F0
  C:0000H         SYMBOL        INIT
  C:0183H         SYMBOL        L0
  C:018DH         SYMBOL        LOOP1
  C:0191H         SYMBOL        LOOP2
  C:0195H         SYMBOL        LOOP3
  C:0086H         SYMBOL        NEXT1
  C:00B7H         SYMBOL        OVERFLOW
BL51 BANKED LINKER/LOCATER V6.22.4.0                                                  01/12/2023  07:49:48  PAGE 2


  D:0080H         SYMBOL        P0
  D:0090H         SYMBOL        P1
  D:00A0H         SYMBOL        P2
  C:0021H         SYMBOL        SCAN
  C:005EH         SYMBOL        SCAN1
  C:01AFH         SYMBOL        SCANCODE
  C:017CH         SYMBOL        SHOWNUM
  C:013BH         SYMBOL        SN1
  C:0137H         SYMBOL        STORENUM
  C:00C8H         SYMBOL        SUB
  C:00CFH         SYMBOL        SUB1
  C:00E8H         SYMBOL        SUB2
  C:00DCH         SYMBOL        SUB3
  C:00EFH         SYMBOL        SUBCOMMON
  C:0037H         SYMBOL        T
  C:003EH         SYMBOL        T2
  C:0045H         SYMBOL        T3
  C:004CH         SYMBOL        T4
  C:01A5H         SYMBOL        TABLE
  C:0198H         SYMBOL        WAIT
  C:0000H         LINE#         4
  C:0002H         LINE#         5
  C:0004H         LINE#         6
  C:0006H         LINE#         7
  C:0008H         LINE#         8
  C:000AH         LINE#         9
  C:000CH         LINE#         10
  C:000EH         LINE#         11
  C:0010H         LINE#         12
  C:0013H         LINE#         13
  C:0015H         LINE#         14
  C:0017H         LINE#         15
  C:0019H         LINE#         16
  C:001BH         LINE#         17
  C:001DH         LINE#         19
  C:001FH         LINE#         20
  C:0021H         LINE#         23
  C:0022H         LINE#         24
  C:0025H         LINE#         25
  C:0026H         LINE#         26
  C:0028H         LINE#         27
  C:002AH         LINE#         28
  C:002CH         LINE#         29
  C:002EH         LINE#         30
  C:0030H         LINE#         32
  C:0033H         LINE#         33
  C:0035H         LINE#         34
  C:0037H         LINE#         36
  C:003AH         LINE#         37
  C:003CH         LINE#         38
  C:003EH         LINE#         40
  C:0041H         LINE#         41
  C:0043H         LINE#         42
  C:0045H         LINE#         44
  C:0048H         LINE#         45
  C:004AH         LINE#         46
  C:004CH         LINE#         48
BL51 BANKED LINKER/LOCATER V6.22.4.0                                                  01/12/2023  07:49:48  PAGE 3


  C:004EH         LINE#         49
  C:0051H         LINE#         53
  C:0052H         LINE#         54
  C:0053H         LINE#         55
  C:0054H         LINE#         56
  C:0055H         LINE#         58
  C:0058H         LINE#         59
  C:005AH         LINE#         60
  C:005CH         LINE#         61
  C:005EH         LINE#         62
  C:0060H         LINE#         64
  C:0062H         LINE#         65
  C:0063H         LINE#         66
  C:0065H         LINE#         67
  C:0067H         LINE#         68
  C:0069H         LINE#         69
  C:006AH         LINE#         70
  C:006CH         LINE#         72
  C:006FH         LINE#         73
  C:0070H         LINE#         74
  C:0072H         LINE#         75
  C:0073H         LINE#         77
  C:0075H         LINE#         78
  C:0076H         LINE#         79
  C:0078H         LINE#         80
  C:007AH         LINE#         81
  C:007BH         LINE#         82
  C:007DH         LINE#         83
  C:007EH         LINE#         84
  C:0081H         LINE#         85
  C:0082H         LINE#         86
  C:0084H         LINE#         87
  C:0086H         LINE#         89
  C:0088H         LINE#         90
  C:008AH         LINE#         91
  C:008CH         LINE#         92
  C:008DH         LINE#         93
  C:008FH         LINE#         94
  C:0090H         LINE#         95
  C:0092H         LINE#         97
  C:0094H         LINE#         99
  C:0096H         LINE#         100
  C:0098H         LINE#         101
  C:0099H         LINE#         103
  C:009BH         LINE#         104
  C:009DH         LINE#         105
  C:009FH         LINE#         107
  C:00A0H         LINE#         108
  C:00A2H         LINE#         109
  C:00A4H         LINE#         110
  C:00A6H         LINE#         112
  C:00A8H         LINE#         113
  C:00AAH         LINE#         114
  C:00ACH         LINE#         116
  C:00AFH         LINE#         117
  C:00B0H         LINE#         118
  C:00B2H         LINE#         119
BL51 BANKED LINKER/LOCATER V6.22.4.0                                                  01/12/2023  07:49:48  PAGE 4


  C:00B3H         LINE#         120
  C:00B4H         LINE#         121
  C:00B6H         LINE#         122
  C:00B7H         LINE#         125
  C:00B9H         LINE#         126
  C:00BAH         LINE#         127
  C:00BCH         LINE#         128
  C:00BDH         LINE#         129
  C:00BFH         LINE#         130
  C:00C1H         LINE#         133
  C:00C2H         LINE#         134
  C:00C5H         LINE#         135
  C:00C8H         LINE#         137
  C:00CBH         LINE#         138
  C:00CDH         LINE#         139
  C:00CFH         LINE#         140
  C:00D1H         LINE#         141
  C:00D3H         LINE#         142
  C:00D4H         LINE#         144
  C:00D6H         LINE#         145
  C:00D8H         LINE#         146
  C:00D9H         LINE#         147
  C:00DAH         LINE#         148
  C:00DCH         LINE#         149
  C:00DFH         LINE#         150
  C:00E0H         LINE#         151
  C:00E2H         LINE#         152
  C:00E3H         LINE#         153
  C:00E4H         LINE#         154
  C:00E6H         LINE#         155
  C:00E8H         LINE#         157
  C:00EAH         LINE#         158
  C:00EBH         LINE#         159
  C:00EDH         LINE#         160
  C:00EFH         LINE#         163
  C:00F0H         LINE#         164
  C:00F1H         LINE#         165
  C:00F4H         LINE#         166
  C:00F5H         LINE#         167
  C:00F7H         LINE#         168
  C:00F8H         LINE#         169
  C:00F9H         LINE#         170
  C:00FBH         LINE#         171
  C:00FCH         LINE#         173
  C:00FFH         LINE#         174
  C:0102H         LINE#         175
  C:0104H         LINE#         176
  C:0107H         LINE#         177
  C:010AH         LINE#         178
  C:010CH         LINE#         179
  C:010FH         LINE#         181
  C:0112H         LINE#         182
  C:0115H         LINE#         184
  C:0117H         LINE#         185
  C:011AH         LINE#         187
  C:011CH         LINE#         188
  C:011EH         LINE#         189
BL51 BANKED LINKER/LOCATER V6.22.4.0                                                  01/12/2023  07:49:48  PAGE 5


  C:0120H         LINE#         192
  C:0123H         LINE#         193
  C:0125H         LINE#         194
  C:0127H         LINE#         195
  C:0129H         LINE#         196
  C:012BH         LINE#         199
  C:012DH         LINE#         200
  C:012FH         LINE#         201
  C:0131H         LINE#         202
  C:0133H         LINE#         203
  C:0135H         LINE#         204
  C:0137H         LINE#         207
  C:0139H         LINE#         208
  C:013AH         LINE#         209
  C:013BH         LINE#         211
  C:013CH         LINE#         212
  C:013DH         LINE#         213
  C:013EH         LINE#         215
  C:013FH         LINE#         216
  C:0140H         LINE#         217
  C:0141H         LINE#         218
  C:0142H         LINE#         220
  C:0145H         LINE#         221
  C:0146H         LINE#         222
  C:0147H         LINE#         223
  C:0148H         LINE#         224
  C:0149H         LINE#         225
  C:014BH         LINE#         227
  C:014CH         LINE#         231
  C:014FH         LINE#         232
  C:0151H         LINE#         233
  C:0152H         LINE#         234
  C:0154H         LINE#         235
  C:0157H         LINE#         237
  C:0158H         LINE#         238
  C:0159H         LINE#         239
  C:015BH         LINE#         240
  C:015CH         LINE#         241
  C:015DH         LINE#         242
  C:015EH         LINE#         243
  C:0160H         LINE#         245
  C:0162H         LINE#         247
  C:0164H         LINE#         248
  C:0165H         LINE#         249
  C:0167H         LINE#         250
  C:016AH         LINE#         251
  C:016BH         LINE#         253
  C:016EH         LINE#         254
  C:0170H         LINE#         257
  C:0173H         LINE#         258
  C:0176H         LINE#         259
  C:0178H         LINE#         260
  C:017AH         LINE#         261
  C:017CH         LINE#         265
  C:017FH         LINE#         266
  C:0181H         LINE#         267
  C:0182H         LINE#         268
BL51 BANKED LINKER/LOCATER V6.22.4.0                                                  01/12/2023  07:49:48  PAGE 6


  C:0183H         LINE#         271
  C:0185H         LINE#         272
  C:0187H         LINE#         273
  C:0189H         LINE#         274
  C:018AH         LINE#         275
  C:018BH         LINE#         277
  C:018DH         LINE#         278
  C:018FH         LINE#         279
  C:0191H         LINE#         280
  C:0193H         LINE#         281
  C:0195H         LINE#         282
  C:0197H         LINE#         283
  C:0198H         LINE#         286
  C:019AH         LINE#         287
  C:019CH         LINE#         288
  C:019EH         LINE#         289
  C:01A0H         LINE#         290
  C:01A2H         LINE#         291
  C:01A4H         LINE#         292
  -------         ENDMOD        STARTUP

******************************************************************************
* RESTRICTED VERSION WITH 0800H BYTE CODE SIZE LIMIT; USED: 01B3H BYTE (21%) *
******************************************************************************

Program Size: data=8.0 xdata=0 code=435
LINK/LOCATE RUN COMPLETE.  0 WARNING(S),  0 ERROR(S)
